ΓòöΓòÉΓòÉΓòÉΓòÉΓòÉΓòÉΓòÉΓòÉΓòÉΓòÉΓòÉΓòÉΓòÉΓòÉΓòÉΓòÉΓòÉΓòÉΓòÉΓòÉΓòÉΓòÉΓòÉΓòÉΓòÉΓòÉΓòÉΓòÉΓòÉΓòÉΓòÉΓòÉΓòÉΓòÉΓòÉΓòÉΓòÉΓòÉΓòÉΓòÉΓòÉΓòÉΓòÉΓòÉΓòÉΓòÉΓòÉΓòÉΓòÉΓòÉΓòÉΓòù
Γòæ   Whistleblower-ZK ΓÇö Test Vectors & Unit Tests   Γòæ
ΓòÜΓòÉΓòÉΓòÉΓòÉΓòÉΓòÉΓòÉΓòÉΓòÉΓòÉΓòÉΓòÉΓòÉΓòÉΓòÉΓòÉΓòÉΓòÉΓòÉΓòÉΓòÉΓòÉΓòÉΓòÉΓòÉΓòÉΓòÉΓòÉΓòÉΓòÉΓòÉΓòÉΓòÉΓòÉΓòÉΓòÉΓòÉΓòÉΓòÉΓòÉΓòÉΓòÉΓòÉΓòÉΓòÉΓòÉΓòÉΓòÉΓòÉΓòÉΓòÉΓò¥

ΓöÇΓöÇΓöÇ Test Suite 1: Poseidon Hashing ΓöÇΓöÇΓöÇ

  Γ£à Poseidon(1,2,3) is deterministic
  Γ£à Poseidon(1,2,3) Γëá Poseidon(1,2,4)
  Γ£à Cascade hash of 64-byte chunk is non-zero
  Γ£à Cascade hash is reproducible

ΓöÇΓöÇΓöÇ Test Suite 2: Merkle Tree ΓöÇΓöÇΓöÇ

  Γ£à Merkle root is non-zero
  Γ£à Merkle proof level 0 correct
  Γ£à Merkle proof reaches root
  Γ£à Merkle proof leaf 2 level 0
  Γ£à Merkle proof leaf 2 reaches root

ΓöÇΓöÇΓöÇ Test Suite 3: EdDSA Signatures ΓöÇΓöÇΓöÇ

  Γ£à EdDSA keypair generated
  Γ£à EdDSA signature generated
  Γ£à EdDSA signature verification PASSES
  Γ£à Tampered message verification FAILS
  Γ£à Wrong key verification FAILS

ΓöÇΓöÇΓöÇ Test Suite 4: Substring Search ΓöÇΓöÇΓöÇ

  Γ£à Test doc contains phrase
  Γ£à Phrase length (25) fits in chunk size (64)
  Γ£à Extracted chunk contains phrase
  Γ£à Chunk is exactly 64 bytes
  Γ£à Sliding window found phrase at offset 10

ΓòÉΓòÉΓòÉΓòÉΓòÉΓòÉΓòÉΓòÉΓòÉΓòÉΓòÉΓòÉΓòÉΓòÉΓòÉΓòÉΓòÉΓòÉΓòÉΓòÉΓòÉΓòÉΓòÉΓòÉΓòÉΓòÉΓòÉΓòÉΓòÉΓòÉΓòÉΓòÉΓòÉΓòÉΓòÉΓòÉΓòÉΓòÉΓòÉΓòÉΓòÉΓòÉΓòÉΓòÉΓòÉΓòÉΓòÉΓòÉΓòÉΓòÉ
  Results: 19 passed, 0 failed, 19 total
ΓòÉΓòÉΓòÉΓòÉΓòÉΓòÉΓòÉΓòÉΓòÉΓòÉΓòÉΓòÉΓòÉΓòÉΓòÉΓòÉΓòÉΓòÉΓòÉΓòÉΓòÉΓòÉΓòÉΓòÉΓòÉΓòÉΓòÉΓòÉΓòÉΓòÉΓòÉΓòÉΓòÉΓòÉΓòÉΓòÉΓòÉΓòÉΓòÉΓòÉΓòÉΓòÉΓòÉΓòÉΓòÉΓòÉΓòÉΓòÉΓòÉΓòÉ

  Γ£à ALL TESTS PASSED

